// Jest Snapshot v1, https://goo.gl/fbAQLP

exports[`Komponente SignupFormInputs1 stimmt mit dem Snapshot überein 1`] = `
Array [
  <div
    className="border-b-2 border-gray-900/10 pb-4"
  >
    <h3
      className="text-xl font-bold mt-6 mb-0 text-gray-900 "
    >
      Anmeldeinformationen
    </h3>
    <p
      className="mt-1 pt-0 text-sm leading-6 text-gray-500"
    >
      Die Anmeldeinformationen sind öffentlich nicht sichtbar!
    </p>
  </div>,
  <div
    className="mt-6 mb-2 grid grid-cols-1 gap-x-6 gap-y-6 sm:grid-cols-6"
  >
    <div
      className="sm:col-span-4"
    >
      <label
        className="block text-sm font-medium leading-6 text-gray-900"
        htmlFor="email"
      >
        Email
      </label>
      <div
        className="mt-2"
      >
        <input
          autoComplete="email"
          className="px-4 py-2 rounded-lg block w-full
 text-gray-900 placeholder:text-gray-400
 border-0 shadow-sm ring-1 ring-inset ring-gray-300
 focus:outline-none focus:ring-1 focus:ring-indigo-700"
          id="email"
          placeholder="Email"
          type="text"
        />
        <div
          className="px-2 pt-1 h-4"
        />
      </div>
    </div>
    <div
      className="sm:col-span-4"
    >
      <label
        className="block text-sm font-medium leading-6 text-gray-900"
        htmlFor="passwort"
      >
        Passwort
      </label>
      <div
        className="mt-2"
      >
        <input
          autoComplete="current-password"
          className="px-4 py-2 rounded-lg block w-full
 text-gray-900 placeholder:text-gray-400
 border-0 shadow-sm ring-1 ring-inset ring-gray-300
 focus:outline-none focus:ring-1 focus:ring-indigo-700"
          id="passwort"
          placeholder="Passwort"
          type="password"
        />
        <div
          className="px-2 pt-1 h-4"
        />
      </div>
    </div>
  </div>,
]
`;
